id: 7463855
antragsnummer: 20-26/A03390
status: Erledigt
baNr: null
baId: null
title: 'Standards und Arbeitsprozesse im interkommunalen Vergleich darstellen'
wahlperiode: 2020-2026
gestelltAm: '2022-11-29T00:00:00+01:00'
registriertAm: '2022-11-29T00:00:00+01:00'
bearbeitungsfrist: '2022-11-29T00:00:00+01:00'
erledigtAm: '2022-11-29T00:00:00+01:00'
art: 'Öffentlicher Vorgang'
typ: Änderungsantrag
bearbeitungsart: Beschluss
referatId: 12
referatName: Stadtkämmerei
initiativeNamen:
    - 'Herr StR Prof. Dr. Hans Theiss'
gestelltVon:
    - 'CSU mit FREIE WÄHLER'
dokumentLinks:
    - { title: 'CSU - FREIE WAeHLER - Antrag', id: 7463860, url: /dokument/v/7463860, filename: 'CSU - FREIE WAeHLER - Antrag.pdf' }
ergebnisse:
    - { sitzungId: 6865934, sitzungAm: '2022-11-30T00:00:00+01:00' }
    - { sitzungId: 6865903, sitzungAm: '2022-11-29T00:00:00+01:00' }
