-
    id: 5975940
    link: ./detail/5975940
    name: 'Sarah Aboudarar'
    baNr: 6
    baName: Sendling
-
    id: 715
    link: ./detail/715
    name: 'Marina Achhammer'
    baNr: 16
    baName: Ramersdorf-Perlach
-
    id: 3578440
    link: ./detail/3578440
    name: 'Kathrin Aftahy'
    baNr: 15
    baName: Trudering-Riem
-
    id: 3313483
    link: ./detail/3313483
    name: 'Leonhard Agerer'
    baNr: 9
    baName: Neuhausen-Nymphenburg
-
    id: 3311229
    link: ./detail/3311229
    name: 'Victor Agerer'
    baNr: 23
    baName: Allach-Untermenzing
-
    id: 809
    link: ./detail/809
    name: 'Alexander Aichwalder'
    baNr: 19
    baName: Thalkirchen-Obersendling-Forstenried-Fürstenried-Solln
-
    id: 5991218
    link: ./detail/5991218
    name: 'Dietlind Alber'
    baNr: 18
    baName: Untergiesing-Harlaching
-
    id: 844
    link: ./detail/844
    name: 'Ruth Albrecht'
    baNr: 20
    baName: Hadern
-
    id: 5963084
    link: ./detail/5963084
    name: 'Stephan Alof'
    baNr: 2
    baName: Ludwigsvorstadt-Isarvorstadt
-
    id: 5973690
    link: ./detail/5973690
    name: 'Georg Angermair'
    baNr: 21
    baName: Pasing-Obermenzing
-
    id: 1421344
    link: './detail/1421344?tab=mitgliedschaften'
    name: 'Willi Armbruster'
    baNr: 19
    baName: Thalkirchen-Obersendling-Forstenried-Fürstenried-Solln
-
    id: 5966643
    link: './detail/5966643?tab=mitgliedschaften'
    name: 'Leopold Arning'
    baNr: 22
    baName: Aubing-Lochhausen-Langwied
-
    id: 3945246
    link: './detail/3945246?tab=mitgliedschaften'
    name: 'Anna Attenberger'
    baNr: 23
    baName: Allach-Untermenzing
-
    id: 1016762
    link: './detail/1016762?tab=mitgliedschaften'
    name: 'Markus Auerbach'
    baNr: 24
    baName: Feldmoching-Hasenbergl
-
    id: 785
    link: './detail/785?tab=mitgliedschaften'
    name: 'Andreas Babor'
    baNr: 18
    baName: Untergiesing-Harlaching
-
    id: 896
    link: './detail/896?tab=mitgliedschaften'
    name: 'Brigitta Bacak'
    baNr: 22
    baName: Aubing-Lochhausen-Langwied
-
    id: 693
    link: './detail/693?tab=mitgliedschaften'
    name: 'Stephanie Bachhuber'
    baNr: 15
    baName: Trudering-Riem
-
    id: 3313965
    link: './detail/3313965?tab=mitgliedschaften'
    name: 'Andreas Baier'
    baNr: 13
    baName: Bogenhausen
-
    id: 3311532
    link: './detail/3311532?tab=mitgliedschaften'
    name: 'Delija Balidemaj'
    baNr: 24
    baName: Feldmoching-Hasenbergl
-
    id: 3313088
    link: './detail/3313088?tab=mitgliedschaften'
    name: 'Andrea Barth'
    baNr: 19
    baName: Thalkirchen-Obersendling-Forstenried-Fürstenried-Solln
-
    id: 3313090
    link: './detail/3313090?tab=mitgliedschaften'
    name: 'Nicole Bartsch'
    baNr: 19
    baName: Thalkirchen-Obersendling-Forstenried-Fürstenried-Solln
-
    id: 932
    link: './detail/932?tab=mitgliedschaften'
    name: 'Maximilian Bauer'
    baNr: 24
    baName: Feldmoching-Hasenbergl
-
    id: 933
    link: './detail/933?tab=mitgliedschaften'
    name: 'Dr. Reinhard Bauer'
    baNr: 24
    baName: Feldmoching-Hasenbergl
-
    id: 1780478
    link: './detail/1780478?tab=mitgliedschaften'
    name: 'Erwin Bauer (inaktiv)'
    baNr: 11
    baName: 'Milbertshofen-Am Hart'
-
    id: 3307309
    link: './detail/3307309?tab=mitgliedschaften'
    name: 'Paul Bauernschmid'
    baNr: 12
    baName: Schwabing-Freimann
-
    id: 3665934
    link: './detail/3665934?tab=mitgliedschaften'
    name: 'Dr. Dorle Baumann'
    baNr: 19
    baName: Thalkirchen-Obersendling-Forstenried-Fürstenried-Solln
-
    id: 786
    link: './detail/786?tab=mitgliedschaften'
    name: 'Clemens Baumgärtner'
    baNr: 18
    baName: Untergiesing-Harlaching
-
    id: 787
    link: './detail/787?tab=mitgliedschaften'
    name: 'Dr. Hildegard Baumgärtner'
    baNr: 18
    baName: Untergiesing-Harlaching
-
    id: 638
    link: './detail/638?tab=mitgliedschaften'
    name: 'Martin Baumgartner'
    baNr: 13
    baName: Bogenhausen
-
    id: 6593951
    link: './detail/6593951?tab=mitgliedschaften'
    name: 'Dr. Franz Becker'
    baNr: 22
    baName: Aubing-Lochhausen-Langwied
-
    id: 5973636
    link: './detail/5973636?tab=mitgliedschaften'
    name: 'Bernd Harald Beckmann'
    baNr: 19
    baName: Thalkirchen-Obersendling-Forstenried-Fürstenried-Solln
-
    id: 4321901
    link: './detail/4321901?tab=mitgliedschaften'
    name: 'Wilhelm Beck-Rothkegel'
    baNr: 5
    baName: Au-Haidhausen
-
    id: 1419215
    link: './detail/1419215?tab=mitgliedschaften'
    name: 'Susan Beer'
    baNr: 15
    baName: Trudering-Riem
