dateStart: '2021-12-07T14:00:00+01:00'
id: 6431930
status: Abgeschlossen
baNr: null
baId: null
sitzungsstand: Entfällt
organizationId: 6415987
organizationName: 'Ausschuss für Klima- und Umweltschutz'
wahlperiode: 2020-2026
ort: null
vorsitzId: 3312618
vorsitzName: 'Habenschaden, Katrin'
referatId: 6440377
referatName: 'Referat für Klima- und Umweltschutz'
referentInName: null
nextCalendarId: 6431987
prevCalendarId: 6839648
hasAgendaPublic: false
hasAgendaNonPublic: false
dokumentLinks: {  }
agendaPublic: {  }
agendaNonPublic: {  }
