-
    position: 0
    id: null
    public: true
    isHeading: true
    topNr: ''
    title: Tagesordnung
    hasDisclosure: false
    disclosure: null
    hasDecision: false
    decision: null
    decisionDocument: null
    antraegeIds: {  }
    vorlagenIds: {  }
-
    position: 1
    id: 6914188
    public: true
    isHeading: false
    topNr: '1.'
    title: |-
        Städtische Wohnungsbaugesellschaften
        Zusammenführung der städtischen Wohnungsbaugesellschaften
        Steuerung des Zusammenführungsprozesses
    hasDisclosure: false
    disclosure: null
    hasDecision: true
    decision: null
    decisionDocument: { title: Beschluss, id: 6950363, url: /dokument/v/6950363, filename: Beschluss.pdf }
    antraegeIds: [6947685, 6947723]
    vorlagenIds: [6908536]
-
    position: 2
    id: 6894317
    public: true
    isHeading: false
    topNr: '2.'
    title: |-
        Änderung des Flächennutzungsplans

        mit integrierter Landschaftsplanung

        für den Bereich IV/40

        Planegger Straße (östlich), Haidelweg (westlich)

        Endgültiger Beschluss

        Stadtbezirk 21 Pasing - Obermenzing
    hasDisclosure: false
    disclosure: null
    hasDecision: true
    decision: null
    decisionDocument: { title: Beschluss, id: 6950389, url: /dokument/v/6950389, filename: Beschluss.pdf }
    antraegeIds: {  }
    vorlagenIds: [6827977]
-
    position: 3
    id: 6894319
    public: true
    isHeading: false
    topNr: '3.'
    title: |-
        A) Änderung des Flächennutzungsplanes
        mit integrierter Landschaftsplanung für den Bereich IV/25
        und
        Bebauungsplan mit Grünordnung Nr.
        Jaspersallee (nördlich), Bergsonstraße (nördlich),
        Mooswiesenstraße (beidseits),
        Dreilingsweg (beidseits) und An der Langwieder Haide (östlich)
        (Teilverdrängung der Bebauungspläne Nrn. 45b, 586 und 1055)
        und
        Kreuzungsbereich An der Langwieder Haide/Mühlangerstraße

        B) Durchführung eines städtebaulichen und
        landschaftsplanerischen Wettbewerbes

        - Aufstellungs- und Eckdatenbeschluss -
    hasDisclosure: false
    disclosure: null
    hasDecision: true
    decision: null
    decisionDocument: { title: Beschluss, id: 6950412, url: /dokument/v/6950412, filename: Beschluss.pdf }
    antraegeIds: {  }
    vorlagenIds: [6847631]
-
    position: 4
    id: 6894322
    public: true
    isHeading: false
    topNr: '4.'
    title: |-
        Freiham Süd - Erweiterung Logistikzentrum Augustiner;

        A) Änderung des Flächennutzungsplanes mit integrierter Landschaftsplanung für den Bereich IV/43
        Dietmar-Keese-Bogen und Ludwig-Schmid-Straße (südlich),
        Verlängerung Hans-Steinkohl-Straße (westlich),
        Bundesautobahn 96 München - Lindau (nördlich)

        B) Vorhabenbezogener Bebauungsplan mit Grünordnung Nr. XXXX
        Dietmar-Keese-Bogen und Ludwig-Schmid-Straße (südlich),
        Verlängerung Hans-Steinkohl-Straße (westlich),
        Bundesautobahn 96 München - Lindau (nördlich)
        - Teiländerung des Bebauungsplanes mit Grünordnung Nr. 1916 a -

        Einleitungs- und Aufstellungsbeschluss

        Stadtbezirk 22 Aubing-Lochhausen-Langwied
    hasDisclosure: false
    disclosure: null
    hasDecision: true
    decision: null
    decisionDocument: { title: Beschluss, id: 6950424, url: /dokument/v/6950424, filename: Beschluss.pdf }
    antraegeIds: [6947745]
    vorlagenIds: [6787743]
-
    position: 5
    id: 6894325
    public: true
    isHeading: false
    topNr: '5.'
    title: |-
        Bebauungsplan mit Grünordnung Nr. 2132
        der Landeshauptstadt München

        Königswieser Straße (südlich),
        Kemptener Straße (nördlich) und
        Vinzenz-Schüpfer-Straße (östlich).

        (Teiländerung der Bebauungspläne Nr. 27 und 644)
        - Schulen und Haus für Kinder -

        - Billigungsbeschluss und vorbehaltlicher Satzungsbeschluss -

        Stadtbezirk 19 Thalkirchen - Obersendling - Forstenried - Fürstenried - Solln
    hasDisclosure: false
    disclosure: null
    hasDecision: true
    decision: null
    decisionDocument: { title: Beschluss, id: 6950438, url: /dokument/v/6950438, filename: Beschluss.pdf }
    antraegeIds: {  }
    vorlagenIds: [6791832]
-
    position: 6
    id: 6913667
    public: true
    isHeading: false
    topNr: '6.'
    title: |-
        Änderung des Flächennutzungsplans
        mit integrierter Landschaftsplanung für den Bereich VI/30
        Münchberger Straße (östlich), Kronacher Straße (südlich),
        BAB München - Salzburg (westlich), Fasangartenstraße (nördlich)
        Endgültiger Beschluss
        Stadtbezirk 17 Obergiesing - Fasangarten
    hasDisclosure: false
    disclosure: null
    hasDecision: true
    decision: null
    decisionDocument: { title: Beschluss, id: 6950453, url: /dokument/v/6950453, filename: Beschluss.pdf }
    antraegeIds: {  }
    vorlagenIds: [6514256]
-
    position: 7
    id: 6912443
    public: true
    isHeading: false
    topNr: '7.'
    title: |-
        Änderung des Flächennutzungsplans mit integrierter Landschaftsplanung für den Bereich V/61
        Am Schnepfenweg (südlich), Kohlröschenstraße (westlich), Am Blütenanger (nördlich), Sonnentaustraße (östlich)

        Endgültiger Beschluss
    hasDisclosure: false
    disclosure: null
    hasDecision: true
    decision: null
    decisionDocument: { title: Beschluss, id: 6950465, url: /dokument/v/6950465, filename: Beschluss.pdf }
    antraegeIds: {  }
    vorlagenIds: [6828011]
-
    position: 8
    id: 6894327
    public: true
    isHeading: false
    topNr: '8.'
    title: |-
        Wohnungspolitisches Handlungsprogramm
        Wohnen in München VI 2017 - 2021
        Verlängerung um 1 Jahr bis zum 31.12.2022
    hasDisclosure: false
    disclosure: null
    hasDecision: true
    decision: null
    decisionDocument: { title: Beschluss, id: 6950489, url: /dokument/v/6950489, filename: Beschluss.pdf }
    antraegeIds: [6869261]
    vorlagenIds: [6760084]
-
    position: 9
    id: 6894329
    public: true
    isHeading: false
    topNr: '9.'
    title: |-
        Perspektive München als Steuerungsinstrument einer nachhaltigen Stadtentwicklung – Bericht zur Fortschreibung der Stadtentwicklungskonzeption
        Stadtentwicklung weiterdenken I
        – Masterplan für Stadtbezirke – Stadtviertel geordnet planen
        Antrag Nr. 14-20 / A 05917 von Herrn Stadtrat Johann Sauerer, Frau Stadträtin Dorothea Wiepcke, Frau Stadträtin Anja Burkhardt und Herrn Stadtrat Frieder Vogelsgesang vom 17.09.2019
        Stadtentwicklung weiterdenken II
        Bürgerinnen und Bürger mitnehmen mit Perspektiven-Werkstätten
        Antrag Nr. 14-20 / A 05918 von Frau Stadträtin Dorothea Wiepcke, Herrn Stadtrat Johann Sauerer und Frau Stadträtin Heike Kainz vom 17.09.2019
        Stadtentwicklung weiterdenken III
        – Infrastrukturdefizite untersuchen und beheben
        Antrag Nr. 14-20 / A 05919 von Frau Stadträtin Dorothea Wiepcke und Herrn Stadtrat Walter Zöller vom 17.09.2019
        Allach-Untermenzing stärken I
        – Masterplan für den 23. Stadtbezirk erstellen
        Antrag Nr. 14-20 / A 06557 der ÖDP vom 20.01.2020
        Chancen und Risiken frühzeitig in den Blick nehmen und umfassend handeln!
        Zukunftsmonitoring im Rahmen der Perspektive München
        Antrag Nr. 14-20 / A 06800 der SPD-Fraktion vom 17.02.2020
    hasDisclosure: false
    disclosure: null
    hasDecision: true
    decision: null
    decisionDocument: { title: Beschluss, id: 6950499, url: /dokument/v/6950499, filename: Beschluss.pdf }
    antraegeIds: [5903341, 5650127, 5650109, 5650094, 5852196]
    vorlagenIds: [6779548]
-
    position: 10
    id: 6907873
    public: true
    isHeading: false
    topNr: '10.'
    title: |-
        Haushalt 2022 des Referates für Stadtplanung und Bauordnung
        •  Produkte
        •  Umsetzung der Konsolidierung
        •  Erhöhung der Einzahlungen
        •  Teilfinanz- und Teilergebnishaushalt
        •  Investitionen
    hasDisclosure: false
    disclosure: null
    hasDecision: true
    decision: null
    decisionDocument: { title: Beschluss, id: 6950508, url: /dokument/v/6950508, filename: Beschluss.pdf }
    antraegeIds: {  }
    vorlagenIds: [6704823]
-
    position: 11
    id: 6894331
    public: true
    isHeading: false
    topNr: '11.'
    title: 'Mehrjahresinvestitionsprogramm für die Jahre 2021 - 2025'
    hasDisclosure: false
    disclosure: null
    hasDecision: true
    decision: null
    decisionDocument: { title: Beschluss, id: 6950531, url: /dokument/v/6950531, filename: Beschluss.pdf }
    antraegeIds: {  }
    vorlagenIds: [6704816]
-
    position: 12
    id: 6894374
    public: true
    isHeading: false
    topNr: '12.'
    title: |-
        Sanierungsgebiet „Neuperlach Nord“
        Sanierungsgebiet „Neuperlach Zentrum“
        A) Vorbereitende Untersuchungen im Untersuchungsgebiet Neuperlach
        B) Beteiligung der Betroffenen und der öffentlichen Aufgabenträger
        C) Neuperlach: Fit für die Zukunft – Start der Sanierung und Durchführung der Sanierung in mehreren Phasen
        D) Sanierungssatzung über die förmliche Festlegung des Sanierungsgebietes „Neuperlach Nord“
        E) Sanierungssatzung über die förmliche Festlegung des Sanierungsgebietes „Neuperlach Zentrum“
        F) Organisatorische Erfordernisse der Städtebauförderung zur Stadtteilentwicklung
        G) Personalbedarf im Referat für Stadtplanung und Bauordnung
        H) Städtebauförderung, Kosten, Finanzierung
    hasDisclosure: false
    disclosure: null
    hasDecision: true
    decision: null
    decisionDocument: { title: Beschluss, id: 6950543, url: /dokument/v/6950543, filename: Beschluss.pdf }
    antraegeIds: {  }
    vorlagenIds: [6701420]
-
    position: 13
    id: 6894333
    public: true
    isHeading: false
    topNr: '13.'
    title: |-
        Perspektive München
        Handlungsraum 6 Neuperlach

        [...]
    hasDisclosure: false
    disclosure: null
    hasDecision: true
    decision: null
    decisionDocument: { title: Beschluss, id: 6950554, url: /dokument/v/6950554, filename: Beschluss.pdf }
    antraegeIds: {  }
    vorlagenIds: [6776824]
-
    position: 14
    id: 6894395
    public: true
    isHeading: false
    topNr: '14.'
    title: |-
        Erlass einer Erhaltungssatzung nach § 172 Abs. 1 Satz 1 Nr. 2  BauGB
        im Stadtgebiet 04 Schwabing-West

        Satzungsbeschluss Satzung "Hohenzollernstraße" der Landeshauptstadt München zur
        Erhaltung der Wohnbevölkerung gemäß § 172 Abs. 1 Satz 1 Nr. 2 BauGB
        (Erhaltungssatzung "Hohenzollernstraße")
    hasDisclosure: false
    disclosure: null
    hasDecision: true
    decision: null
    decisionDocument: { title: Beschluss, id: 6950570, url: /dokument/v/6950570, filename: Beschluss.pdf }
    antraegeIds: {  }
    vorlagenIds: [6819477]
-
    position: 15
    id: 6910677
    public: true
    isHeading: false
    topNr: '15.'
    title: |-
        Erlass einer Erhaltungssatzung nach § 172 Abs. 1 Satz 1 Nr. 2 BauGB
        im Stadtbezirk 03 – Maxvorstadt

        a) Satzungsbeschluss Satzung „Maxvorstadt“ der Landeshauptstadt München zur Erhaltung der Zusammensetzung der Wohnbevölkerung gemäß § 172 Abs. 1 Satz 1 Nr. 2 BauGB
        (Erhaltungssatzung „Maxvorstadt“)

        b) Ausverkauf der Maxvorstadt verhindern
        BA-Antrag Nr. 20-26 / B 02618 des Bezirksausschusses des Stadtbezirkes 03 –  Maxvorstadt vom 15.06.2021

        c) Erhaltungssatzungen in der Maxvorstadt ausweiten
        Antrag Nr. 20-26 / A 01825 von der Stadtratsfraktion DIE LINKE. / Die PARTEI vom 11.08.2021, eingegangen am 11.08.2021
    hasDisclosure: false
    disclosure: null
    hasDecision: true
    decision: null
    decisionDocument: { title: Beschluss, id: 6950584, url: /dokument/v/6950584, filename: Beschluss.pdf }
    antraegeIds: [6673214, 6755049]
    vorlagenIds: [6819765]
-
    position: 16
    id: 6855300
    public: true
    isHeading: false
    topNr: '16.'
    title: |-
        Schutzgebiete in der Landeshauptstadt München
        - Perspektiven -
    hasDisclosure: false
    disclosure: null
    hasDecision: true
    decision: null
    decisionDocument: { title: Beschluss, id: 6950602, url: /dokument/v/6950602, filename: Beschluss.pdf }
    antraegeIds: [6986868, 6947753, 7020085]
    vorlagenIds: [6785344]
-
    position: 17
    id: 6912232
    public: true
    isHeading: false
    topNr: '17.'
    title: |-
        Münchner Gesellschaft für Stadterneuerung mbH (MGS)
        Sanierungstätigkeit ab 2022
        Finanzbdarf
        - im Mehrjahresinvestitionsprogramm
        - im Finanzhaushalt 2022
    hasDisclosure: false
    disclosure: null
    hasDecision: true
    decision: null
    decisionDocument: { title: Beschluss, id: 6950614, url: /dokument/v/6950614, filename: Beschluss.pdf }
    antraegeIds: {  }
    vorlagenIds: [6836180]
-
    position: 18
    id: 6927705
    public: true
    isHeading: false
    topNr: '18.'
    title: |-
        2. Stammstrecke München – Planfeststellungsabschnitt 3 Ost – Bereich westliches Isarufer bis östlich Leuchtenbergring

        a) Neues Planfeststellungsverfahren für den Ostabschnitt PFA 3 Ost
        b) Planungen des PFA 3 Ost
        c) Ergebnisse der Überprüfung der Planfeststellungsunterlagen
        Stellungnahme der Landeshauptstadt München im Anhörungsverfahren
        d) Weiteres Vorgehen beim Planfeststellungsverfahren
        e) Anträge

        1. Attraktive Verbindung zwischen Haidhausen und Werksviertel
        Antrag Nr. 14-20 / A 05971 von der FDP – MUT Stadtratsfraktion vom 25.09.2019, (aufgegriffen im Beschluss des Mobilitätsausschusses und des Ausschusses für Stadtplanung und Bauordnung vom 23.09.2020)

        2. Ostbahnhof: Verlängerung der Personenunterführung West bis ins Werksviertel vertraglich sichern und realisieren
        Antrag Nr. 20-26 / A 01243 von Herrn StR Fabian Ewald, Herrn StR Jens Luther und Herrn StR Prof. Dr. Hans Theiss vom 25.03.2021

        3. Planmäßige Fertigstellung des barrierefreien Ausbaus der Station Leuchtenberging sicherstellen
        BA-Antrags-Nr. 20-26 / B 00997 des Bezirksausschusses des Stadtbezirks 14 – Berg am Laim vom 27.10.2020

        4. Auskunft über sämtliche Schattenmaßnahmen zur zweiten S-Bahn-Stammstrecke
        BA-Antrags-Nr. 20-26 / B 00998 des Bezirksausschusses des Stadtbezirks 14 – Berg am Laim vom 27.10.2020

        5./ 6. / 7.
    hasDisclosure: false
    disclosure: null
    hasDecision: true
    decision: null
    decisionDocument: { title: Beschluss, id: 6950636, url: /dokument/v/6950636, filename: Beschluss.pdf }
    antraegeIds: [6947698, 6948940, 5669509, 6535210, 6302628, 6302600, 6586311, 6868342, 6868448, 6868433]
    vorlagenIds: [6909577]
-
    position: 19
    id: 6930136
    public: true
    isHeading: false
    topNr: '19.'
    title: |-
        Umsetzung des Programms
        „Bezahlbares Wohnen und Leben in München“

        Ausweitung der Personal- und Sachmittel für das Jahr 2022
        Anpassung des Mehrjahresinvestitionsprogramms  2021-2025
    hasDisclosure: false
    disclosure: null
    hasDecision: true
    decision: null
    decisionDocument: { title: Beschluss, id: 6950665, url: /dokument/v/6950665, filename: Beschluss.pdf }
    antraegeIds: [6998819]
    vorlagenIds: [6781915]
-
    position: 20
    id: 6930396
    public: true
    isHeading: false
    topNr: '20.'
    title: |-
        BayBO Novelle und Online-Zugangsgesetz:
        Änderungen im Aufgabenspektrum
        der Lokalbaukommission - Personelle Ausstattung
    hasDisclosure: false
    disclosure: null
    hasDecision: true
    decision: null
    decisionDocument: { title: Beschluss, id: 6950673, url: /dokument/v/6950673, filename: Beschluss.pdf }
    antraegeIds: {  }
    vorlagenIds: [6866423]
-
    position: 21
    id: 6920236
    public: true
    isHeading: false
    topNr: '21.'
    title: |-
        Kreativquartier an der Dachauer Straße/
        Schwere-Reiter-Straße

        Fortschreibung der Gremienstruktur mit
        Quartiersmanagement und Kommunikationskonzept

        Förderprogramm Nationale Projekte des Städtebaus
        - Teilnahme am Projektaufruf 2022

        Stadtbezirk 4 Schwabing-West
        Stadtbezirk 9 Neuhausen-Nymphenburg
    hasDisclosure: false
    disclosure: null
    hasDecision: true
    decision: null
    decisionDocument: { title: Beschluss, id: 6950719, url: /dokument/v/6950719, filename: Beschluss.pdf }
    antraegeIds: [6947782]
    vorlagenIds: [6907745]
-
    position: 22
    id: 6932114
    public: true
    isHeading: false
    topNr: '22.'
    title: |-
        „Holzwohnungsbau in München“
        Zuschussprogramm für den Einsatz nachwachsender Rohstoffe im Mietwohnungsbau in Holzbauweise bzw. Holzhybridbauweise
        Klimaschutz konkret
        Projektförderung Holzbau des Freistaates auch bei GEWOFAG und GWG realisieren
        Antrag Nr. 20-26 / A 01805 von Herrn StR Manuel Pretzl, Herrn StR Sebastian Schall, Frau StRin Dr. Evelyne Menges, Frau StRin Heike Kainz, Frau StRin Alexandra Gaßmann, Herrn StR Andreas Babor und Herrn StR Winfried Kaum vom 06.08.2021
    hasDisclosure: false
    disclosure: null
    hasDecision: true
    decision: null
    decisionDocument: { title: Beschluss, id: 6950856, url: /dokument/v/6950856, filename: Beschluss.pdf }
    antraegeIds: [6747215]
    vorlagenIds: [6779177]
-
    position: 23
    id: 6931863
    public: true
    isHeading: false
    topNr: '23.'
    title: |-
        Fortschreibung Wohnen in München VI
        Städtische Wohnungsbaugesellschaften
        1. Erreichung und Verstetigung der Fertigstellungszahlen bis 2030
        2. Umsetzung des Klimaschutzpakets
        3. Finanzielles Engagement der Landeshauptstadt München
        • Übertragung städtischer Grundstücke
        • Zusätzliche städtische Finanzmittel
        • Weiterer Verzicht auf Gewinnausschüttungen
        4. Stadtratsanträge
        a) Wohnungsbauzahlen der städtischen Wohnungsbaugesellschaften sichern
        Antrag Nr. 14 – 20 / A 06375 der SPD-Stadtratsfraktion vom 10.12.2019
        b) Weiter intensiv bauen und sanieren: Städtische Wohnungsbaugesellschaften finanziell besser ausstatten
        Antrag Nr. 14 – 20 / A 06378 der Fraktion DIE GRÜNEN/RL vom 10.12.2019
        c) Wohnungsbaugesellschaften
        Antrag Nr. 14 – 20 / A 06470 der CSU-Stadtratsfraktion vom 02.01.2020
    hasDisclosure: false
    disclosure: null
    hasDecision: true
    decision: null
    decisionDocument: { title: Beschluss, id: 6950872, url: /dokument/v/6950872, filename: Beschluss.pdf }
    antraegeIds: [6998839, 5803913, 5804595, 5829694]
    vorlagenIds: [6062450]
