id: 7142313
antragsnummer: 20-26/V06383
status: 'Endgültiger Beschluss'
title: "Markthallen München (MHM);\r\nJahresabschluss und Lagebericht\r\nfür das Wirtschaftsjahr 2021\r\nErster Zwischenbericht\r\nfür das Wirtschaftsjahr 2022\r\n\r\n- Bekanntgabe -"
kurzinfo: "Anlass\r\nGemäß den Vorschriften der Eigenbetriebsverordnung (EBV) be-\r\nrichtet der Eigenbetrieb Markthallen München (MHM) dem \r\nWerkausschuss über den Jahresabschluss 2021 (§ 25 EBV) sowie \r\nmit dem ersten Zwischenbericht über die Entwicklung des Erfolgs- \r\nund Vermögensplans 2022 (§ 19 EBV).\r\n\r\nInhalt\r\nMit dem Jahresabschluss 2021 wird der Stadtrat über die Entwick-\r\nlung des Unternehmens im abgelaufenen Geschäftsjahr informiert. \r\nIn 2021 wurde ein negatives Jahresergebnis von rund 11,948 Mio.€ (Plan: -20,039 Mio. €) erwirtschaftet. \r\nDer erste Zwischenbericht für das Jahr 2022 zeigt die voraussichtliche Entwick-\r\nlung im laufenden Jahr. Die Vorlage verknüpft zwei Geschäftsjahre,\r\num ein umfassendes Bild des Eigenbetriebs zu vermitteln.\r\n\r\nGesamtkosten/Gesamterlöse\r\n-/-\r\n\r\nEntscheidungsvorschlag\r\nDer Stadtrat nimmt die Ausführungen zum Jahresabschluss und \r\nLagebericht 2021 sowie zum ersten Zwischenbericht 2022 zur \r\nKenntnis.\r\n\r\nGesucht werden kann im RIS auch unter:\r\nMarkthallen München, Bilanz, Gewinn- und Verlustrechnung, An-\r\nhang, Lagebericht, Erfolgsplan, Vermögensplan\r\n\r\nOrtsangabe\r\n-/-"
hatAntragsliste: false
wahlperiode: 2020-2026
freigabe: '2022-05-18T00:00:00+02:00'
art: 'Öffentlicher Vorgang'
typ: Bekanntgabe
referatId: 3
referatName: Kommunalreferat
referentIn: 'Berufsm. StRin Frank'
baNr: null
baGremiumId: null
baName: null
dokumentLinks:
    - { title: 'OE V 06383', id: 7165084, url: /dokument/v/7165084, filename: 'OE V 06383.pdf' }
    - { title: 'OE V 06383 Anlage 1', id: 7165086, url: /dokument/v/7165086, filename: 'OE V 06383 Anlage 1.pdf' }
    - { title: 'OE V 06383 Anlage 2', id: 7165088, url: /dokument/v/7165088, filename: 'OE V 06383 Anlage 2.pdf' }
    - { title: 'OE V 06383 Anlage 3', id: 7165090, url: /dokument/v/7165090, filename: 'OE V 06383 Anlage 3.pdf' }
    - { title: 'OE V 06383 Anlage 4', id: 7165092, url: /dokument/v/7165092, filename: 'OE V 06383 Anlage 4.pdf' }
    - { title: 'OE V 06383 Anlage 5', id: 7165096, url: /dokument/v/7165096, filename: 'OE V 06383 Anlage 5.pdf' }
    - { title: 'OE V 06383 Anlage 6', id: 7165094, url: /dokument/v/7165094, filename: 'OE V 06383 Anlage 6.pdf' }
ergebnisse:
    - { sitzungId: 6718831, sitzungAm: '2022-05-31T00:00:00+02:00' }
antraege: {  }
